src/app/interfaces/page.tsx(5,58): error TS2724: '"lucide-react"' has no exported member named 'Figma'. Did you mean 'Sigma'?
src/app/page.tsx(68,53): error TS2322: Type '{ hidden: { opacity: number; y: number; }; visible: { opacity: number; y: number; transition: { ease: number[]; duration: number; }; }; }' is not assignable to type 'Variants'.
  Property 'visible' is incompatible with index signature.
    Type '{ opacity: number; y: number; transition: { ease: number[]; duration: number; }; }' is not assignable to type 'Variant'.
      Type '{ opacity: number; y: number; transition: { ease: number[]; duration: number; }; }' is not assignable to type 'TargetAndTransition'.
        Type '{ opacity: number; y: number; transition: { ease: number[]; duration: number; }; }' is not assignable to type '{ transition?: Transition<any> | undefined; transitionEnd?: ResolvedValues$1 | undefined; }'.
          Types of property 'transition' are incompatible.
            Type '{ ease: number[]; duration: number; }' is not assignable to type 'Transition<any> | undefined'.
              Type '{ ease: number[]; duration: number; }' is not assignable to type 'TransitionWithValueOverrides<any>'.
                Type '{ ease: number[]; duration: number; }' is not assignable to type 'ValueAnimationTransition<any>'.
                  Types of property 'ease' are incompatible.
                    Type 'number[]' is not assignable to type 'Easing | Easing[] | undefined'.
                      Type 'number[]' is not assignable to type 'EasingFunction | Easing[]'.
                        Type 'number[]' is not assignable to type 'Easing[]'.
                          Type 'number' is not assignable to type 'Easing'.
src/app/page.tsx(75,53): error TS2322: Type '{ hidden: { opacity: number; y: number; }; visible: { opacity: number; y: number; transition: { ease: number[]; duration: number; }; }; }' is not assignable to type 'Variants'.
  Property 'visible' is incompatible with index signature.
    Type '{ opacity: number; y: number; transition: { ease: number[]; duration: number; }; }' is not assignable to type 'Variant'.
      Type '{ opacity: number; y: number; transition: { ease: number[]; duration: number; }; }' is not assignable to type 'TargetAndTransition'.
        Type '{ opacity: number; y: number; transition: { ease: number[]; duration: number; }; }' is not assignable to type '{ transition?: Transition<any> | undefined; transitionEnd?: ResolvedValues$1 | undefined; }'.
          Types of property 'transition' are incompatible.
            Type '{ ease: number[]; duration: number; }' is not assignable to type 'Transition<any> | undefined'.
              Type '{ ease: number[]; duration: number; }' is not assignable to type 'TransitionWithValueOverrides<any>'.
                Type '{ ease: number[]; duration: number; }' is not assignable to type 'ValueAnimationTransition<any>'.
                  Types of property 'ease' are incompatible.
                    Type 'number[]' is not assignable to type 'Easing | Easing[] | undefined'.
                      Type 'number[]' is not assignable to type 'EasingFunction | Easing[]'.
                        Type 'number[]' is not assignable to type 'Easing[]'.
                          Type 'number' is not assignable to type 'Easing'.
src/app/page.tsx(80,26): error TS2322: Type '{ hidden: { opacity: number; y: number; }; visible: { opacity: number; y: number; transition: { ease: number[]; duration: number; }; }; }' is not assignable to type 'Variants'.
  Property 'visible' is incompatible with index signature.
    Type '{ opacity: number; y: number; transition: { ease: number[]; duration: number; }; }' is not assignable to type 'Variant'.
      Type '{ opacity: number; y: number; transition: { ease: number[]; duration: number; }; }' is not assignable to type 'TargetAndTransition'.
        Type '{ opacity: number; y: number; transition: { ease: number[]; duration: number; }; }' is not assignable to type '{ transition?: Transition<any> | undefined; transitionEnd?: ResolvedValues$1 | undefined; }'.
          Types of property 'transition' are incompatible.
            Type '{ ease: number[]; duration: number; }' is not assignable to type 'Transition<any> | undefined'.
              Type '{ ease: number[]; duration: number; }' is not assignable to type 'TransitionWithValueOverrides<any>'.
                Type '{ ease: number[]; duration: number; }' is not assignable to type 'ValueAnimationTransition<any>'.
                  Types of property 'ease' are incompatible.
                    Type 'number[]' is not assignable to type 'Easing | Easing[] | undefined'.
                      Type 'number[]' is not assignable to type 'EasingFunction | Easing[]'.
                        Type 'number[]' is not assignable to type 'Easing[]'.
                          Type 'number' is not assignable to type 'Easing'.
